Preparing worktree (detached HEAD c0d927eb)
Updating files:  79% (3737/4695)
Updating files:  80% (3756/4695)
Updating files:  81% (3803/4695)
Updating files:  82% (3850/4695)
Updating files:  83% (3897/4695)
Updating files:  84% (3944/4695)
Updating files:  85% (3991/4695)
Updating files:  86% (4038/4695)
Updating files:  87% (4085/4695)
Updating files:  88% (4132/4695)
Updating files:  89% (4179/4695)
Updating files:  90% (4226/4695)
Updating files:  91% (4273/4695)
Updating files:  92% (4320/4695)
Updating files:  93% (4367/4695)
Updating files:  94% (4414/4695)
Updating files:  95% (4461/4695)
Updating files:  96% (4508/4695)
Updating files:  97% (4555/4695)
Updating files:  98% (4602/4695)
Updating files:  99% (4649/4695)
Updating files: 100% (4695/4695)
Updating files: 100% (4695/4695), done.
HEAD is now at c0d927eb docs(guards): record I2-B A1-5 readiness at 739fc279
