Preparing worktree (detached HEAD 40b4c0f8)
Updating files:  63% (2695/4247)
Updating files:  64% (2719/4247)
Updating files:  65% (2761/4247)
Updating files:  66% (2804/4247)
Updating files:  67% (2846/4247)
Updating files:  68% (2888/4247)
Updating files:  69% (2931/4247)
Updating files:  70% (2973/4247)
Updating files:  71% (3016/4247)
Updating files:  72% (3058/4247)
Updating files:  73% (3101/4247)
Updating files:  74% (3143/4247)
Updating files:  75% (3186/4247)
Updating files:  76% (3228/4247)
Updating files:  77% (3271/4247)
Updating files:  78% (3313/4247)
Updating files:  79% (3356/4247)
Updating files:  80% (3398/4247)
Updating files:  81% (3441/4247)
Updating files:  82% (3483/4247)
Updating files:  83% (3526/4247)
Updating files:  84% (3568/4247)
Updating files:  85% (3610/4247)
Updating files:  86% (3653/4247)
Updating files:  87% (3695/4247)
Updating files:  88% (3738/4247)
Updating files:  89% (3780/4247)
Updating files:  90% (3823/4247)
Updating files:  91% (3865/4247)
Updating files:  92% (3908/4247)
Updating files:  93% (3950/4247)
Updating files:  94% (3993/4247)
Updating files:  95% (4035/4247)
Updating files:  96% (4078/4247)
Updating files:  97% (4120/4247)
Updating files:  98% (4163/4247)
Updating files:  99% (4205/4247)
Updating files: 100% (4247/4247)
Updating files: 100% (4247/4247), done.
HEAD is now at 40b4c0f8 fix(guards): add C6c recovery readiness gate
