Change scope full: 299 changed path(s) are gate inputs or unrecognized: docs/guards/v4-adoption/ci/Invoke-IFXEvidenceProducers.ps1, docs/guards/v4-adoption/ci/Invoke-IFXV4Aggregate.ps1, docs/guards/v4-adoption/extensions/ifx/0.5.2/bundle/bundle-manifest.json, docs/guards/v4-adoption/extensions/ifx/0.5.2/bundle/package/modules/ifx-assembly-evidence/adapter.ps1, docs/guards/v4-adoption/extensions/ifx/0.5.2/bundle/package/modules/ifx-assembly-evidence/config.schema.json. Report: <work>\h\artifacts\guards\v3-ifx\trusted-base\change-scope-specialized.json

Domain authority candidates passed (0 changed): <work>\h\artifacts\guards\v3-ifx\trusted-base\domain-authorities-specialized.json

IFX policy projection Apply passed (12 files; changed: 0).

G03 contract/event inventory written: <work>\h\artifacts\guards\v3-ifx\specialized\g03\G03-contract-event-inventory.json
G03 contract/event inventory written: <work>\h\artifacts\guards\v3-ifx\specialized\g03\G03-contract-event-inventory.json
G03 catalog validation passed: <work>\h\docs\architecture\review\gates\G03\contract-event-catalog.yaml
G03 contract/event inventory written: <temp>\g03-inventory-3c93bfa4e12d46a0a382decd8c901246.json
G03 source reconciliation passed: <work>\h\artifacts\guards\v3-ifx\specialized\g03\G03-phase9-source-reconciliation.json
G03 contract/event inventory written: <temp>\g03-snapshot-4b0d9c0e852d4570bda71f632de80d4d.json
G03 compatibility snapshots generated.
G03 contract/event inventory written: <temp>\g03-snapshot-fe28a74d48594ff896b0cadaaf2ae224.json
G03 compatibility snapshots generated.
G03 LayerGuard governance input generated: <work>\h\artifacts\guards\v3-ifx\specialized\g03\layerguard-governance-input.generated.json
G03 LayerGuard governance input generated: <work>\h\artifacts\guards\v3-ifx\specialized\g03\layerguard-governance-input.generated.json
G03 LayerGuard governance handoff passed: <work>\h\artifacts\guards\v3-ifx\specialized\g03\G03-phase9-layerguard-handoff-report.json
G03 documentation validation passed. Report: <work>\h\artifacts\guards\v3-ifx\specialized\g03\G03-phase9-documentation-report.json
G03 closeout readiness audit passed with status 'pre-ready'. Report: <work>\h\artifacts\guards\v3-ifx\specialized\g03\G03-phase9-status.json
G03 Phase 9 guard passed. Report: <work>\h\artifacts\guards\v3-ifx\specialized\g03\guard.json
IFX specialized guards passed: <work>\h\artifacts\guards\v3-ifx\specialized\summary.json
IFX guardrails passed: <work>\h\artifacts\guards\v3-ifx\summary-specialized.json

Trusted base run passed: <work>\h\artifacts\guards\v3-ifx\trusted-base\summary-specialized-g03.json
